// Jest Snapshot v1, https://goo.gl/fbAQLP

exports[`renderRequestButton renders a button 1`] = `"<a id=\\"bloom-request-element-\\" href=\\"https://bloom.co/download?request=eyJ2ZXJzaW9uIjoxLCJ0b2tlbiI6InRva2VuIiwidXJsIjoiaHR0cHM6Ly9yZWNlaXZlLWtpdC5ibG9vbS5jby9hcGkvcmVjZWl2ZT9zaGFyZS1raXQtZnJvbT1idXR0b24iLCJwYXlsb2FkX3VybCI6Imh0dHBzOi8vcmVjZWl2ZS1raXQuYmxvb20uY28vYXBpL2dldC1wYXlsb2FkIn0=&amp;callback-url=https%3A%2F%2Fbloom.co%2Fcallback-url\\" target=\\"_blank\\" rel=\\"norefferer noopener\\"><style>#bloom-request-element- { position: relative; background-image: url(data:image/svg+xml;base64,CiAgPHN2ZyB3aWR0aD0iMjgxIiBoZWlnaHQ9IjQ4IgogICAgeG1sbnM9Imh0dHA6Ly93d3cudzMub3JnLzIwMDAvc3ZnIgogICAgeG1sbnM6eGxpbms9Imh0dHA6Ly93d3cudzMub3JnLzE5OTkveGxpbmsiPgogICAgPGRlZnM+CiAgICAgIDxyZWN0IGlkPSJhIiB3aWR0aD0iMzM1IiBoZWlnaHQ9IjQ4IiByeD0iNCIvPgogICAgICA8cGF0aCBkPSJNMCAwaDI4MWMxMy4yNTQ4MzQgMCAyNCAxMC43NDUxNjYgMjQgMjRzLTEwLjc0NTE2NiAyNC0yNCAyNEgwVjB6IiBpZD0iYyIvPgogICAgICA8bGluZWFyR3JhZGllbnQgeDE9IjgzLjM4MDYwMDUlIiB5MT0iNi4wMTc3MDc5MiUiIHgyPSIxMzAuODY1OTklIiB5Mj0iMTAwJSIgaWQ9ImQiPgogICAgICAgIDxzdG9wIHN0b3AtY29sb3I9IiM3QTdDRjMiIG9mZnNldD0iMCUiLz4KICAgICAgICA8c3RvcCBzdG9wLWNvbG9yPSIjNjI2MkY2IiBvZmZzZXQ9IjEwMCUiLz4KICAgICAgPC9saW5lYXJHcmFkaWVudD4KICAgICAgPHBhdGggZD0iTTAgMGgyODFjMTMuMjU0ODM0IDAgMjQgMTAuNzQ1MTY2IDI0IDI0cy0xMC43NDUxNjYgMjQtMjQgMjRIMFYweiIgaWQ9ImYiLz4KICAgICAgPHBhdGggZD0iTTAgMGgyODFjMTMuMjU0ODM0IDAgMjQgMTAuNzQ1MTY2IDI0IDI0cy0xMC43NDUxNjYgMjQtMjQgMjRIMFYweiIgaWQ9ImgiLz4KICAgICAgPHBhdGggZD0iTTAgMGgyODFjMTMuMjU0ODM0IDAgMjQgMTAuNzQ1MTY2IDI0IDI0cy0xMC43NDUxNjYgMjQtMjQgMjRIMFYweiIgaWQ9ImoiLz4KICAgICAgPHBhdGggZD0iTTAgMGgyODFjMTMuMjU0ODM0IDAgMjQgMTAuNzQ1MTY2IDI0IDI0cy0xMC43NDUxNjYgMjQtMjQgMjRIMFYweiIgaWQ9ImwiLz4KICAgICAgPHBhdGggZD0iTTAgMGgyODFjMTMuMjU0ODM0IDAgMjQgMTAuNzQ1MTY2IDI0IDI0cy0xMC43NDUxNjYgMjQtMjQgMjRIMFYweiIgaWQ9Im4iLz4KICAgICAgPHBhdGggZD0iTTAgMGgyODFjMTMuMjU0ODM0IDAgMjQgMTAuNzQ1MTY2IDI0IDI0cy0xMC43NDUxNjYgMjQtMjQgMjRIMFYweiIgaWQ9InAiLz4KICAgICAgPHBhdGggZD0iTTAgMGgyODFjMTMuMjU0ODM0IDAgMjQgMTAuNzQ1MTY2IDI0IDI0cy0xMC43NDUxNjYgMjQtMjQgMjRIMFYweiIgaWQ9InIiLz4KICAgICAgPHBhdGggZD0iTTAgMGgyMjZjMTMuMjU0ODM0IDAgMjQgMTAuNzQ1MTY2IDI0IDI0cy0xMC43NDUxNjYgMjQtMjQgMjRIMFYweiIgaWQ9InQiLz4KICAgICAgPHBhdGggZD0iTTAgMGgyMjZjMTMuMjU0ODM0IDAgMjQgMTAuNzQ1MTY2IDI0IDI0cy0xMC43NDUxNjYgMjQtMjQgMjRIMFYweiIgaWQ9InYiLz4KICAgICAgPHBhdGggZD0iTTAgMGgyMjZjMTMuMjU0ODM0IDAgMjQgMTAuNzQ1MTY2IDI0IDI0cy0xMC43NDUxNjYgMjQtMjQgMjRIMFYweiIgaWQ9IngiLz4KICAgICAgPHBhdGggZD0iTTAgMGgyMjZjMTMuMjU0ODM0IDAgMjQgMTAuNzQ1MTY2IDI0IDI0cy0xMC43NDUxNjYgMjQtMjQgMjRIMFYweiIgaWQ9InoiLz4KICAgICAgPHBhdGggZD0iTTAgMGgyMjZjMTMuMjU0ODM0IDAgMjQgMTAuNzQ1MTY2IDI0IDI0cy0xMC43NDUxNjYgMjQtMjQgMjRIMFYweiIgaWQ9IkIiLz4KICAgICAgPHBhdGggZD0iTTAgMGgyMjZjMTMuMjU0ODM0IDAgMjQgMTAuNzQ1MTY2IDI0IDI0cy0xMC43NDUxNjYgMjQtMjQgMjRIMFYweiIgaWQ9IkQiLz4KICAgICAgPHBhdGggZD0iTTAgMGgyMjZjMTMuMjU0ODM0IDAgMjQgMTAuNzQ1MTY2IDI0IDI0cy0xMC43NDUxNjYgMjQtMjQgMjRIMFYweiIgaWQ9IkYiLz4KICAgICAgPHBhdGggZD0iTTAgMGgyMjZjMTMuMjU0ODM0IDAgMjQgMTAuNzQ1MTY2IDI0IDI0cy0xMC43NDUxNjYgMjQtMjQgMjRIMFYweiIgaWQ9IkgiLz4KICAgICAgPHBhdGggZD0iTTAgMGgyMjZjMTMuMjU0ODM0IDAgMjQgMTAuNzQ1MTY2IDI0IDI0cy0xMC43NDUxNjYgMjQtMjQgMjRIMFYweiIgaWQ9IkoiLz4KICAgICAgPHBhdGggZD0iTTAgMGgyMjZjMTMuMjU0ODM0IDAgMjQgMTAuNzQ1MTY2IDI0IDI0cy0xMC43NDUxNjYgMjQtMjQgMjRIMFYweiIgaWQ9IkwiLz4KICAgICAgPHBhdGggZD0iTTAgMGgyMjZjMTMuMjU0ODM0IDAgMjQgMTAuNzQ1MTY2IDI0IDI0cy0xMC43NDUxNjYgMjQtMjQgMjRIMFYweiIgaWQ9Ik4iLz4KICAgICAgPHBhdGggZD0iTTAgMGgyMjZjMTMuMjU0ODM0IDAgMjQgMTAuNzQ1MTY2IDI0IDI0cy0xMC43NDUxNjYgMjQtMjQgMjRIMFYweiIgaWQ9IlAiLz4KICAgICAgPHBhdGggZD0iTTAgMGgyMjZjMTMuMjU0ODM0IDAgMjQgMTAuNzQ1MTY2IDI0IDI0cy0xMC43NDUxNjYgMjQtMjQgMjRIMFYweiIgaWQ9IlIiLz4KICAgICAgPHBhdGggZD0iTTAgMGgyMjZjMTMuMjU0ODM0IDAgMjQgMTAuNzQ1MTY2IDI0IDI0cy0xMC43NDUxNjYgMjQtMjQgMjRIMFYweiIgaWQ9IlQiLz4KICAgICAgPHBhdGggZD0iTTAgMGgyMjZjMTMuMjU0ODM0IDAgMjQgMTAuNzQ1MTY2IDI0IDI0cy0xMC43NDUxNjYgMjQtMjQgMjRIMFYweiIgaWQ9IlYiLz4KICAgICAgPHBhdGggZD0iTTAgMGgxNDQuNjRDMTUzLjEyMzA5NCAwIDE2MCAxMC43NDUxNjYgMTYwIDI0cy02Ljg3NjkwNiAyNC0xNS4zNiAyNEgwVjB6IiBpZD0iWCIvPgogICAgPC9kZWZzPgogICAgPGcgdHJhbnNmb3JtPSJ0cmFuc2xhdGUoLTQxKSIgZmlsbD0ibm9uZSIgZmlsbC1ydWxlPSJldmVub2RkIj4KICAgICAgPG1hc2sgaWQ9ImIiIGZpbGw9IiNmZmYiPgogICAgICAgIDx1c2UgeGxpbms6aHJlZj0iI2EiLz4KICAgICAgPC9tYXNrPgogICAgICA8ZyBtYXNrPSJ1cmwoI2IpIj4KICAgICAgICA8ZyB0cmFuc2Zvcm09InRyYW5zbGF0ZSg0MSkiPgogICAgICAgICAgPG1hc2sgaWQ9ImUiIGZpbGw9IiNmZmYiPgogICAgICAgICAgICA8dXNlIHhsaW5rOmhyZWY9IiNjIi8+CiAgICAgICAgICA8L21hc2s+CiAgICAgICAgICA8Y2lyY2xlIHN0cm9rZT0idXJsKCNkKSIgc3Ryb2tlLXdpZHRoPSIyIiBtYXNrPSJ1cmwoI2UpIiBjeD0iLTMiIGN5PSIyNCIgcj0iMjUiLz4KICAgICAgICA8L2c+CiAgICAgICAgPGcgdHJhbnNmb3JtPSJ0cmFuc2xhdGUoNDEpIj4KICAgICAgICAgIDxtYXNrIGlkPSJnIiBmaWxsPSIjZmZmIj4KICAgICAgICAgICAgPHVzZSB4bGluazpocmVmPSIjZiIvPgogICAgICAgICAgPC9tYXNrPgogICAgICAgICAgPGNpcmNsZSBzdHJva2U9InVybCgjZCkiIHN0cm9rZS13aWR0aD0iMiIgbWFzaz0idXJsKCNnKSIgY3g9IjEiIGN5PSIyNCIgcj0iMjciLz4KICAgICAgICA8L2c+CiAgICAgICAgPGcgdHJhbnNmb3JtPSJ0cmFuc2xhdGUoNDEpIj4KICAgICAgICAgIDxtYXNrIGlkPSJpIiBmaWxsPSIjZmZmIj4KICAgICAgICAgICAgPHVzZSB4bGluazpocmVmPSIjaCIvPgogICAgICAgICAgPC9tYXNrPgogICAgICAgICAgPGNpcmNsZSBzdHJva2U9InVybCgjZCkiIHN0cm9rZS13aWR0aD0iMiIgbWFzaz0idXJsKCNpKSIgY3g9IjUiIGN5PSIyNCIgcj0iMjkiLz4KICAgICAgICA8L2c+CiAgICAgICAgPGcgdHJhbnNmb3JtPSJ0cmFuc2xhdGUoNDEpIj4KICAgICAgICAgIDxtYXNrIGlkPSJrIiBmaWxsPSIjZmZmIj4KICAgICAgICAgICAgPHVzZSB4bGluazpocmVmPSIjaiIvPgogICAgICAgICAgPC9tYXNrPgogICAgICAgICAgPGNpcmNsZSBzdHJva2U9InVybCgjZCkiIHN0cm9rZS13aWR0aD0iMiIgb3BhY2l0eT0iLjgiIG1hc2s9InVybCgjaykiIGN4PSI5IiBjeT0iMjQiIHI9IjMxIi8+CiAgICAgICAgPC9nPgogICAgICAgIDxnIHRyYW5zZm9ybT0idHJhbnNsYXRlKDQxKSI+CiAgICAgICAgICA8bWFzayBpZD0ibSIgZmlsbD0iI2ZmZiI+CiAgICAgICAgICAgIDx1c2UgeGxpbms6aHJlZj0iI2wiLz4KICAgICAgICAgIDwvbWFzaz4KICAgICAgICAgIDxjaXJjbGUgc3Ryb2tlPSJ1cmwoI2QpIiBzdHJva2Utd2lkdGg9IjIiIG9wYWNpdHk9Ii44IiBtYXNrPSJ1cmwoI20pIiBjeD0iMTMiIGN5PSIyNCIgcj0iMzMiLz4KICAgICAgICA8L2c+CiAgICAgICAgPGcgdHJhbnNmb3JtPSJ0cmFuc2xhdGUoNDEpIj4KICAgICAgICAgIDxtYXNrIGlkPSJvIiBmaWxsPSIjZmZmIj4KICAgICAgICAgICAgPHVzZSB4bGluazpocmVmPSIjbiIvPgogICAgICAgICAgPC9tYXNrPgogICAgICAgICAgPGNpcmNsZSBzdHJva2U9InVybCgjZCkiIHN0cm9rZS13aWR0aD0iMiIgb3BhY2l0eT0iLjciIG1hc2s9InVybCgjbykiIGN4PSIxOCIgY3k9IjI0IiByPSIzNCIvPgogICAgICAgIDwvZz4KICAgICAgICA8ZyB0cmFuc2Zvcm09InRyYW5zbGF0ZSg0MSkiPgogICAgICAgICAgPG1hc2sgaWQ9InEiIGZpbGw9IiNmZmYiPgogICAgICAgICAgICA8dXNlIHhsaW5rOmhyZWY9IiNwIi8+CiAgICAgICAgICA8L21hc2s+CiAgICAgICAgICA8Y2lyY2xlIHN0cm9rZT0idXJsKCNkKSIgc3Ryb2tlLXdpZHRoPSIyIiBvcGFjaXR5PSIuNyIgbWFzaz0idXJsKCNxKSIgY3g9IjIzIiBjeT0iMjQiIHI9IjM1Ii8+CiAgICAgICAgPC9nPgogICAgICAgIDxnIHRyYW5zZm9ybT0idHJhbnNsYXRlKDQxKSI+CiAgICAgICAgICA8bWFzayBpZD0icyIgZmlsbD0iI2ZmZiI+CiAgICAgICAgICAgIDx1c2UgeGxpbms6aHJlZj0iI3IiLz4KICAgICAgICAgIDwvbWFzaz4KICAgICAgICAgIDxnIG1hc2s9InVybCgjcykiPgogICAgICAgICAgICA8ZyB0cmFuc2Zvcm09InRyYW5zbGF0ZSg1NSkiPgogICAgICAgICAgICAgIDxtYXNrIGlkPSJ1IiBmaWxsPSIjZmZmIj4KICAgICAgICAgICAgICAgIDx1c2UgeGxpbms6aHJlZj0iI3QiLz4KICAgICAgICAgICAgICA8L21hc2s+CiAgICAgICAgICAgICAgPGNpcmNsZSBzdHJva2U9InVybCgjZCkiIHN0cm9rZS13aWR0aD0iMiIgb3BhY2l0eT0iLjYiIG1hc2s9InVybCgjdSkiIGN4PSItMjciIGN5PSIyNCIgcj0iMzYiLz4KICAgICAgICAgICAgPC9nPgogICAgICAgICAgICA8ZyB0cmFuc2Zvcm09InRyYW5zbGF0ZSg1NSkiPgogICAgICAgICAgICAgIDxtYXNrIGlkPSJ3IiBmaWxsPSIjZmZmIj4KICAgICAgICAgICAgICAgIDx1c2UgeGxpbms6aHJlZj0iI3YiLz4KICAgICAgICAgICAgICA8L21hc2s+CiAgICAgICAgICAgICAgPGNpcmNsZSBzdHJva2U9InVybCgjZCkiIHN0cm9rZS13aWR0aD0iMiIgb3BhY2l0eT0iLjYiIG1hc2s9InVybCgjdykiIGN4PSItMjIiIGN5PSIyNCIgcj0iMzciLz4KICAgICAgICAgICAgPC9nPgogICAgICAgICAgICA8ZyB0cmFuc2Zvcm09InRyYW5zbGF0ZSg1NSkiPgogICAgICAgICAgICAgIDxtYXNrIGlkPSJ5IiBmaWxsPSIjZmZmIj4KICAgICAgICAgICAgICAgIDx1c2UgeGxpbms6aHJlZj0iI3giLz4KICAgICAgICAgICAgICA8L21hc2s+CiAgICAgICAgICAgICAgPGNpcmNsZSBzdHJva2U9InVybCgjZCkiIHN0cm9rZS13aWR0aD0iMiIgb3BhY2l0eT0iLjYiIG1hc2s9InVybCgjeSkiIGN4PSItMTciIGN5PSIyNCIgcj0iMzgiLz4KICAgICAgICAgICAgPC9nPgogICAgICAgICAgICA8ZyB0cmFuc2Zvcm09InRyYW5zbGF0ZSg1NSkiPgogICAgICAgICAgICAgIDxtYXNrIGlkPSJBIiBmaWxsPSIjZmZmIj4KICAgICAgICAgICAgICAgIDx1c2UgeGxpbms6aHJlZj0iI3oiLz4KICAgICAgICAgICAgICA8L21hc2s+CiAgICAgICAgICAgICAgPGNpcmNsZSBzdHJva2U9InVybCgjZCkiIHN0cm9rZS13aWR0aD0iMiIgb3BhY2l0eT0iLjU1IiBtYXNrPSJ1cmwoI0EpIiBjeD0iLTEyIiBjeT0iMjQiIHI9IjM5Ii8+CiAgICAgICAgICAgIDwvZz4KICAgICAgICAgICAgPGcgdHJhbnNmb3JtPSJ0cmFuc2xhdGUoNTUpIj4KICAgICAgICAgICAgICA8bWFzayBpZD0iQyIgZmlsbD0iI2ZmZiI+CiAgICAgICAgICAgICAgICA8dXNlIHhsaW5rOmhyZWY9IiNCIi8+CiAgICAgICAgICAgICAgPC9tYXNrPgogICAgICAgICAgICAgIDxjaXJjbGUgc3Ryb2tlPSJ1cmwoI2QpIiBzdHJva2Utd2lkdGg9IjIiIG9wYWNpdHk9Ii41NSIgbWFzaz0idXJsKCNDKSIgY3g9Ii03IiBjeT0iMjQiIHI9IjQwIi8+CiAgICAgICAgICAgIDwvZz4KICAgICAgICAgICAgPGcgdHJhbnNmb3JtPSJ0cmFuc2xhdGUoNTUpIj4KICAgICAgICAgICAgICA8bWFzayBpZD0iRSIgZmlsbD0iI2ZmZiI+CiAgICAgICAgICAgICAgICA8dXNlIHhsaW5rOmhyZWY9IiNEIi8+CiAgICAgICAgICAgICAgPC9tYXNrPgogICAgICAgICAgICAgIDxjaXJjbGUgc3Ryb2tlPSJ1cmwoI2QpIiBzdHJva2Utd2lkdGg9IjIiIG9wYWNpdHk9Ii41NSIgbWFzaz0idXJsKCNFKSIgY3g9Ii0yIiBjeT0iMjQiIHI9IjQxIi8+CiAgICAgICAgICAgIDwvZz4KICAgICAgICAgICAgPGcgdHJhbnNmb3JtPSJ0cmFuc2xhdGUoNTUpIj4KICAgICAgICAgICAgICA8bWFzayBpZD0iRyIgZmlsbD0iI2ZmZiI+CiAgICAgICAgICAgICAgICA8dXNlIHhsaW5rOmhyZWY9IiNGIi8+CiAgICAgICAgICAgICAgPC9tYXNrPgogICAgICAgICAgICAgIDxjaXJjbGUgc3Ryb2tlPSJ1cmwoI2QpIiBzdHJva2Utd2lkdGg9IjIiIG9wYWNpdHk9Ii41NSIgbWFzaz0idXJsKCNHKSIgY3g9IjMiIGN5PSIyNCIgcj0iNDIiLz4KICAgICAgICAgICAgPC9nPgogICAgICAgICAgICA8ZyB0cmFuc2Zvcm09InRyYW5zbGF0ZSg1NSkiPgogICAgICAgICAgICAgIDxtYXNrIGlkPSJJIiBmaWxsPSIjZmZmIj4KICAgICAgICAgICAgICAgIDx1c2UgeGxpbms6aHJlZj0iI0giLz4KICAgICAgICAgICAgICA8L21hc2s+CiAgICAgICAgICAgICAgPGNpcmNsZSBzdHJva2U9InVybCgjZCkiIHN0cm9rZS13aWR0aD0iMiIgb3BhY2l0eT0iLjU1IiBtYXNrPSJ1cmwoI0kpIiBjeD0iOCIgY3k9IjI0IiByPSI0MyIvPgogICAgICAgICAgICA8L2c+CiAgICAgICAgICAgIDxnIHRyYW5zZm9ybT0idHJhbnNsYXRlKDU1KSI+CiAgICAgICAgICAgICAgPG1hc2sgaWQ9IksiIGZpbGw9IiNmZmYiPgogICAgICAgICAgICAgICAgPHVzZSB4bGluazpocmVmPSIjSiIvPgogICAgICAgICAgICAgIDwvbWFzaz4KICAgICAgICAgICAgICA8Y2lyY2xlIHN0cm9rZT0idXJsKCNkKSIgc3Ryb2tlLXdpZHRoPSIyIiBvcGFjaXR5PSIuNSIgbWFzaz0idXJsKCNLKSIgY3g9IjEzIiBjeT0iMjQiIHI9IjQ0Ii8+CiAgICAgICAgICAgIDwvZz4KICAgICAgICAgICAgPGcgdHJhbnNmb3JtPSJ0cmFuc2xhdGUoNTUpIj4KICAgICAgICAgICAgICA8bWFzayBpZD0iTSIgZmlsbD0iI2ZmZiI+CiAgICAgICAgICAgICAgICA8dXNlIHhsaW5rOmhyZWY9IiNMIi8+CiAgICAgICAgICAgICAgPC9tYXNrPgogICAgICAgICAgICAgIDxjaXJjbGUgc3Ryb2tlPSJ1cmwoI2QpIiBzdHJva2Utd2lkdGg9IjIiIG9wYWNpdHk9Ii41IiBtYXNrPSJ1cmwoI00pIiBjeD0iMTgiIGN5PSIyNCIgcj0iNDUiLz4KICAgICAgICAgICAgPC9nPgogICAgICAgICAgICA8ZyB0cmFuc2Zvcm09InRyYW5zbGF0ZSg1NSkiPgogICAgICAgICAgICAgIDxtYXNrIGlkPSJPIiBmaWxsPSIjZmZmIj4KICAgICAgICAgICAgICAgIDx1c2UgeGxpbms6aHJlZj0iI04iLz4KICAgICAgICAgICAgICA8L21hc2s+CiAgICAgICAgICAgICAgPGNpcmNsZSBzdHJva2U9InVybCgjZCkiIHN0cm9rZS13aWR0aD0iMiIgb3BhY2l0eT0iLjUiIG1hc2s9InVybCgjTykiIGN4PSIyMyIgY3k9IjI0IiByPSI0NiIvPgogICAgICAgICAgICA8L2c+CiAgICAgICAgICAgIDxnIHRyYW5zZm9ybT0idHJhbnNsYXRlKDU1KSI+CiAgICAgICAgICAgICAgPG1hc2sgaWQ9IlEiIGZpbGw9IiNmZmYiPgogICAgICAgICAgICAgICAgPHVzZSB4bGluazpocmVmPSIjUCIvPgogICAgICAgICAgICAgIDwvbWFzaz4KICAgICAgICAgICAgICA8Y2lyY2xlIHN0cm9rZT0idXJsKCNkKSIgc3Ryb2tlLXdpZHRoPSIyIiBvcGFjaXR5PSIuNSIgbWFzaz0idXJsKCNRKSIgY3g9IjI4IiBjeT0iMjQiIHI9IjQ3Ii8+CiAgICAgICAgICAgIDwvZz4KICAgICAgICAgICAgPGcgdHJhbnNmb3JtPSJ0cmFuc2xhdGUoNTUpIj4KICAgICAgICAgICAgICA8bWFzayBpZD0iUyIgZmlsbD0iI2ZmZiI+CiAgICAgICAgICAgICAgICA8dXNlIHhsaW5rOmhyZWY9IiNSIi8+CiAgICAgICAgICAgICAgPC9tYXNrPgogICAgICAgICAgICAgIDxjaXJjbGUgc3Ryb2tlPSJ1cmwoI2QpIiBzdHJva2Utd2lkdGg9IjIiIG9wYWNpdHk9Ii41IiBtYXNrPSJ1cmwoI1MpIiBjeD0iMzMiIGN5PSIyNCIgcj0iNDgiLz4KICAgICAgICAgICAgPC9nPgogICAgICAgICAgICA8ZyB0cmFuc2Zvcm09InRyYW5zbGF0ZSg1NSkiPgogICAgICAgICAgICAgIDxtYXNrIGlkPSJVIiBmaWxsPSIjZmZmIj4KICAgICAgICAgICAgICAgIDx1c2UgeGxpbms6aHJlZj0iI1QiLz4KICAgICAgICAgICAgICA8L21hc2s+CiAgICAgICAgICAgICAgPGNpcmNsZSBzdHJva2U9InVybCgjZCkiIHN0cm9rZS13aWR0aD0iMiIgb3BhY2l0eT0iLjQ1IiBtYXNrPSJ1cmwoI1UpIiBjeD0iMzgiIGN5PSIyNCIgcj0iNDkiLz4KICAgICAgICAgICAgPC9nPgogICAgICAgICAgICA8ZyB0cmFuc2Zvcm09InRyYW5zbGF0ZSg1NSkiPgogICAgICAgICAgICAgIDxtYXNrIGlkPSJXIiBmaWxsPSIjZmZmIj4KICAgICAgICAgICAgICAgIDx1c2UgeGxpbms6aHJlZj0iI1YiLz4KICAgICAgICAgICAgICA8L21hc2s+CiAgICAgICAgICAgICAgPGNpcmNsZSBzdHJva2U9InVybCgjZCkiIHN0cm9rZS13aWR0aD0iMiIgb3BhY2l0eT0iLjQ1IiBtYXNrPSJ1cmwoI1cpIiBjeD0iNDMiIGN5PSIyNCIgcj0iNTAiLz4KICAgICAgICAgICAgPC9nPgogICAgICAgICAgICA8ZyB0cmFuc2Zvcm09InRyYW5zbGF0ZSgxNDUpIj4KICAgICAgICAgICAgICA8bWFzayBpZD0iWSIgZmlsbD0iI2ZmZiI+CiAgICAgICAgICAgICAgICA8dXNlIHhsaW5rOmhyZWY9IiNYIi8+CiAgICAgICAgICAgICAgPC9tYXNrPgogICAgICAgICAgICAgIDxnIG1hc2s9InVybCgjWSkiPgogICAgICAgICAgICAgICAgPGcgc3Ryb2tlPSJ1cmwoI2QpIiBzdHJva2Utd2lkdGg9IjIiIHRyYW5zZm9ybT0idHJhbnNsYXRlKC0xMDUgLTY2KSI+CiAgICAgICAgICAgICAgICAgIDxjaXJjbGUgb3BhY2l0eT0iLjQ1IiB0cmFuc2Zvcm09InJvdGF0ZSgxNSA2MyA5MCkiIGN4PSI2MyIgY3k9IjkwIiByPSI1MSIvPgogICAgICAgICAgICAgICAgICA8Y2lyY2xlIG9wYWNpdHk9Ii40NSIgdHJhbnNmb3JtPSJyb3RhdGUoMTUgNjggOTApIiBjeD0iNjgiIGN5PSI5MCIgcj0iNTIiLz4KICAgICAgICAgICAgICAgICAgPGNpcmNsZSBvcGFjaXR5PSIuNDUiIHRyYW5zZm9ybT0icm90YXRlKDE1IDczIDkwKSIgY3g9IjczIiBjeT0iOTAiIHI9IjUzIi8+CiAgICAgICAgICAgICAgICAgIDxjaXJjbGUgb3BhY2l0eT0iLjQ1IiB0cmFuc2Zvcm09InJvdGF0ZSgxNSA3OCA5MCkiIGN4PSI3OCIgY3k9IjkwIiByPSI1NCIvPgogICAgICAgICAgICAgICAgICA8Y2lyY2xlIG9wYWNpdHk9Ii40IiB0cmFuc2Zvcm09InJvdGF0ZSgxNSA4MyA5MCkiIGN4PSI4MyIgY3k9IjkwIiByPSI1NSIvPgogICAgICAgICAgICAgICAgICA8Y2lyY2xlIG9wYWNpdHk9Ii40IiB0cmFuc2Zvcm09InJvdGF0ZSgxNSA4OCA5MCkiIGN4PSI4OCIgY3k9IjkwIiByPSI1NiIvPgogICAgICAgICAgICAgICAgICA8Y2lyY2xlIG9wYWNpdHk9Ii40IiB0cmFuc2Zvcm09InJvdGF0ZSgxNSA5MyA5MCkiIGN4PSI5MyIgY3k9IjkwIiByPSI1NyIvPgogICAgICAgICAgICAgICAgICA8Y2lyY2xlIG9wYWNpdHk9Ii40IiB0cmFuc2Zvcm09InJvdGF0ZSgxNSA5OCA5MCkiIGN4PSI5OCIgY3k9IjkwIiByPSI1OCIvPgogICAgICAgICAgICAgICAgICA8Y2lyY2xlIG9wYWNpdHk9Ii40IiB0cmFuc2Zvcm09InJvdGF0ZSgxNSAxMDMgOTApIiBjeD0iMTAzIiBjeT0iOTAiIHI9IjU5Ii8+CiAgICAgICAgICAgICAgICAgIDxjaXJjbGUgb3BhY2l0eT0iLjM1IiB0cmFuc2Zvcm09InJvdGF0ZSgxNSAxMDggOTApIiBjeD0iMTA4IiBjeT0iOTAiIHI9IjYwIi8+CiAgICAgICAgICAgICAgICAgIDxjaXJjbGUgb3BhY2l0eT0iLjM1IiB0cmFuc2Zvcm09InJvdGF0ZSgxNSAxMTMgOTApIiBjeD0iMTEzIiBjeT0iOTAiIHI9IjYxIi8+CiAgICAgICAgICAgICAgICAgIDxjaXJjbGUgb3BhY2l0eT0iLjM1IiB0cmFuc2Zvcm09InJvdGF0ZSgxNSAxMTggODkpIiBjeD0iMTE4IiBjeT0iODkiIHI9IjYyIi8+CiAgICAgICAgICAgICAgICAgIDxjaXJjbGUgb3BhY2l0eT0iLjM1IiB0cmFuc2Zvcm09InJvdGF0ZSgxNSAxMjMgODkpIiBjeD0iMTIzIiBjeT0iODkiIHI9IjYzIi8+CiAgICAgICAgICAgICAgICAgIDxjaXJjbGUgb3BhY2l0eT0iLjMiIHRyYW5zZm9ybT0icm90YXRlKDE1IDEyOCA4OSkiIGN4PSIxMjgiIGN5PSI4OSIgcj0iNjQiLz4KICAgICAgICAgICAgICAgICAgPGNpcmNsZSBvcGFjaXR5PSIuMyIgdHJhbnNmb3JtPSJyb3RhdGUoMTUgMTMzIDg5KSIgY3g9IjEzMyIgY3k9Ijg5IiByPSI2NSIvPgogICAgICAgICAgICAgICAgICA8Y2lyY2xlIG9wYWNpdHk9Ii4zIiB0cmFuc2Zvcm09InJvdGF0ZSgxNSAxMzggODkpIiBjeD0iMTM4IiBjeT0iODkiIHI9IjY2Ii8+CiAgICAgICAgICAgICAgICAgIDxjaXJjbGUgb3BhY2l0eT0iLjI1IiB0cmFuc2Zvcm09InJvdGF0ZSgxNSAxNDMgODkpIiBjeD0iMTQzIiBjeT0iODkiIHI9IjY3Ii8+CiAgICAgICAgICAgICAgICAgIDxjaXJjbGUgb3BhY2l0eT0iLjI1IiB0cmFuc2Zvcm09InJvdGF0ZSgxNSAxNDggODkpIiBjeD0iMTQ4IiBjeT0iODkiIHI9IjY4Ii8+CiAgICAgICAgICAgICAgICAgIDxjaXJjbGUgb3BhY2l0eT0iLjIiIHRyYW5zZm9ybT0icm90YXRlKDE1IDE1MyA4OSkiIGN4PSIxNTMiIGN5PSI4OSIgcj0iNjkiLz4KICAgICAgICAgICAgICAgICAgPGNpcmNsZSBvcGFjaXR5PSIuMiIgdHJhbnNmb3JtPSJyb3RhdGUoMTUgMTU4IDg5KSIgY3g9IjE1OCIgY3k9Ijg5IiByPSI3MCIvPgogICAgICAgICAgICAgICAgICA8Y2lyY2xlIG9wYWNpdHk9Ii4yIiB0cmFuc2Zvcm09InJvdGF0ZSgxNSAxNjMgODkpIiBjeD0iMTYzIiBjeT0iODkiIHI9IjcxIi8+CiAgICAgICAgICAgICAgICAgIDxjaXJjbGUgb3BhY2l0eT0iLjIiIHRyYW5zZm9ybT0icm90YXRlKDE1IDE2OCA4OSkiIGN4PSIxNjgiIGN5PSI4OSIgcj0iNzIiLz4KICAgICAgICAgICAgICAgIDwvZz4KICAgICAgICAgICAgICA8L2c+CiAgICAgICAgICAgIDwvZz4KICAgICAgICAgIDwvZz4KICAgICAgICA8L2c+CiAgICAgIDwvZz4KICAgIDwvZz4KICA8L3N2Zz4=), linear-gradient(to right, #7A7CF3, #6262F6); background-repeat: no-repeat; background-position: left 39px center, left center; background-size: 282px 100%, 100% 100%; box-shadow: 0 4px 15px 0 rgba(98,98,246,0.50); color: #fff; text-decoration: none; display: flex; align-items: center; justify-content: center; border-radius: 4px; padding: 12px 39px; box-sizing: border-box; } #bloom-request-element--lock { position: absolute; left: 19px; top: 50%; transform: translateY(-50%); height: 20px; color: #5a5de0; } #bloom-request-element--text-and-logo { display: flex; width: 100%; align-items: center; justify-content: center; margin-left: 12px; margin-right: 12px; } #bloom-request-element--logo { margin-right: 6px; height: 22px; }#bloom-request-element--text { margin-top: 2px; }</style><svg id=\\"bloom-request-element--lock\\" viewBox=\\"0 0 24 24\\"><path d=\\"M19.5 9.5h-.75V6.75a6.75 6.75 0 0 0-13.5 0V9.5H4.5a2 2 0 0 0-2 2V22a2 2 0 0 0 2 2h15a2 2 0 0 0 2-2V11.5a2 2 0 0 0-2-2zm-9.5 6a2 2 0 1 1 3 1.723V19.5a1 1 0 0 1-2 0v-2.277a1.994 1.994 0 0 1-1-1.723zM7.75 6.75a4.25 4.25 0 0 1 8.5 0V9a.5.5 0 0 1-.5.5h-7.5a.5.5 0 0 1-.5-.5z\\" fill=\\"currentColor\\"></path></svg><span id=\\"bloom-request-element--text-and-logo\\"><svg id=\\"bloom-request-element--logo\\" viewBox=\\"0 0 33.85 35.57\\"><path d=\\"M22.44 8.69a5.39 5.39 0 0 1-10.77 0s-.19-1 .84-3.23A13.21 13.21 0 0 1 16.98 0a14.29 14.29 0 0 1 4.68 5.46 6.56 6.56 0 0 1 .78 3.23zm0 18.2a5.39 5.39 0 0 0-10.77 0s-.19 1 .84 3.23a13.21 13.21 0 0 0 4.47 5.46 14.29 14.29 0 0 0 4.68-5.46 6.56 6.56 0 0 0 .78-3.23zm2.73-14.47a5.39 5.39 0 0 0 0 10.77s1 .19 3.23-.84a13.21 13.21 0 0 0 5.46-4.47 14.2 14.2 0 0 0-5.46-4.68 6.56 6.56 0 0 0-3.23-.78zm-16.48-.05a5.38 5.38 0 0 1 0 10.76s-1 .2-3.23-.84A13.21 13.21 0 0 1 0 17.79a14.29 14.29 0 0 1 5.46-4.68 6.61 6.61 0 0 1 3.23-.77z\\" fill=\\"currentColor\\"></path></svg><svg id=\\"bloom-request-element--text\\" width=\\"128\\" height=\\"16\\"><path d=\\"M0 .512h2.432L4.4 7.744 6.352.512H8.8L5.44 11.536H3.36L0 .512zm15.328 8.56l1.616 1.104c-.752 1.12-2.144 1.52-3.408 1.52-2.144 0-3.904-1.568-3.904-3.92s1.76-3.872 3.904-3.872c2.128 0 3.824 1.584 3.824 3.936 0 .192-.016.496-.032.688h-5.472c.112.864 1.056 1.248 1.84 1.248.608 0 1.264-.224 1.632-.704zm-3.44-1.936h3.232c-.112-.912-.944-1.28-1.568-1.28-.624 0-1.472.336-1.664 1.28zm9.216 1.792v2.608H18.88V4.064h2.224v1.808c.384-1.392 1.344-1.968 2.112-1.968.528 0 .928.096 1.28.272l-.4 2c-.4-.192-.784-.224-1.136-.224-1.28 0-1.856 1.008-1.856 2.976zm6.752-4.864v7.472h-2.208V4.064h2.208zM25.36 1.296C25.36.56 26 0 26.752 0c.752 0 1.36.56 1.36 1.296s-.608 1.312-1.36 1.312c-.752 0-1.392-.576-1.392-1.312zM34.848 0v2.128h-.816c-.768 0-1.136.544-1.136 1.424v.512H34.4v1.76h-1.504v5.712h-2.24V5.824h-1.408v-1.76h1.408v-.512C30.656 1.264 31.888 0 34.032 0h.816zm8 4.064L38.24 15.2h-2.352l1.792-4.432-2.88-6.704h2.368l1.648 4.24 1.664-4.24h2.368zm16.016 0l-2.624 7.472h-1.856l-1.472-4.752-1.408 4.752h-1.856l-2.704-7.472h2.368l1.328 4.448 1.312-4.448h1.904l1.312 4.448 1.328-4.448h2.368zm3.392 0v7.472h-2.208V4.064h2.208zM59.76 1.296C59.76.56 60.4 0 61.152 0c.752 0 1.36.56 1.36 1.296s-.608 1.312-1.36 1.312c-.752 0-1.392-.576-1.392-1.312zm7.456 2.768h1.568v1.76h-1.568v5.712h-2.208V5.824h-1.36v-1.76h1.36V1.2h2.208v2.864zm5.152 3.52v3.952h-2.224V0h2.224v5.232c.304-.928 1.392-1.328 2.096-1.328 1.968 0 2.992 1.312 2.992 3.568v4.064h-2.224V7.552c0-.976-.704-1.488-1.376-1.488-.704 0-1.488.384-1.488 1.52zm18.896-4c0 .72-.368 1.632-1.504 2.064 1.456.368 2.08 1.616 2.08 2.512 0 1.824-1.328 3.376-3.52 3.376h-4.736V.512H88c1.984 0 3.264 1.184 3.264 3.072zm-5.328 1.28h1.84c.608 0 1.024-.48 1.024-1.136 0-.688-.352-1.152-1.04-1.152h-1.824v2.288zM88.144 6.8h-2.208v2.672h2.256c.784 0 1.184-.704 1.184-1.36 0-.624-.4-1.312-1.232-1.312zm5.36-6.8h2.224v11.536h-2.224V0zm7.696 9.488c.928 0 1.696-.672 1.696-1.712 0-1.008-.768-1.696-1.696-1.696-.912 0-1.68.688-1.68 1.696 0 1.04.768 1.712 1.68 1.712zm0 2.176c-2.112 0-3.872-1.536-3.872-3.888s1.76-3.872 3.872-3.872 3.888 1.52 3.888 3.872-1.776 3.888-3.888 3.888zm8.912-2.176c.928 0 1.696-.672 1.696-1.712 0-1.008-.768-1.696-1.696-1.696-.912 0-1.68.688-1.68 1.696 0 1.04.768 1.712 1.68 1.712zm0 2.176c-2.112 0-3.872-1.536-3.872-3.888s1.76-3.872 3.872-3.872S114 5.424 114 7.776s-1.776 3.888-3.888 3.888zm13.744-5.6c-.704 0-1.28.432-1.28 1.52v3.952h-2.224V7.504c-.016-.944-.592-1.44-1.232-1.44-.672 0-1.296.384-1.296 1.52v3.952H115.6V4.064h2.224v1.088c.352-.784 1.152-1.232 1.952-1.232 1.184 0 1.984.448 2.4 1.312.72-1.168 1.712-1.328 2.24-1.328 1.776 0 2.88 1.136 2.88 3.392v4.24h-2.208V7.552c0-.976-.576-1.488-1.232-1.488z\\" fill=\\"currentColor\\" fill-rulle=\\"evenodd\\"></path></svg></span></a>"`;

exports[`renderRequestButton renders a button 2`] = `
Object {
  "payload_url": "https://receive-kit.bloom.co/api/get-payload",
  "token": "token",
  "url": "https://receive-kit.bloom.co/api/receive?share-kit-from=button",
  "version": 1,
}
`;

exports[`renderRequestButton renders a button 3`] = `"https://bloom.co/callback-url"`;

exports[`renderRequestButton renders a medium button 1`] = `"<a id=\\"bloom-request-element-\\" href=\\"https://bloom.co/download?request=eyJ2ZXJzaW9uIjoxLCJ0b2tlbiI6InRva2VuIiwidXJsIjoiaHR0cHM6Ly9yZWNlaXZlLWtpdC5ibG9vbS5jby9hcGkvcmVjZWl2ZT9zaGFyZS1raXQtZnJvbT1idXR0b24iLCJwYXlsb2FkX3VybCI6Imh0dHBzOi8vcmVjZWl2ZS1raXQuYmxvb20uY28vYXBpL2dldC1wYXlsb2FkIn0=&amp;callback-url=https%3A%2F%2Fbloom.co%2Fcallback-url\\" target=\\"_blank\\" rel=\\"norefferer noopener\\"><style>#bloom-request-element- { background-color: #6262F6; color: #fff; text-decoration: none; display: inline-flex; align-items: center; justify-content: center; border-radius: 4px; padding: 7px 17px; box-sizing: border-box; } #bloom-request-element--text-and-logo { display: flex; width: 100%; align-items: center; justify-content: center; } #bloom-request-element--logo { margin-right: 4px; height: 16px; }#bloom-request-element--text { margin-top: 2px; }</style><span id=\\"bloom-request-element--text-and-logo\\"><svg id=\\"bloom-request-element--logo\\" viewBox=\\"0 0 33.85 35.57\\"><path d=\\"M22.44 8.69a5.39 5.39 0 0 1-10.77 0s-.19-1 .84-3.23A13.21 13.21 0 0 1 16.98 0a14.29 14.29 0 0 1 4.68 5.46 6.56 6.56 0 0 1 .78 3.23zm0 18.2a5.39 5.39 0 0 0-10.77 0s-.19 1 .84 3.23a13.21 13.21 0 0 0 4.47 5.46 14.29 14.29 0 0 0 4.68-5.46 6.56 6.56 0 0 0 .78-3.23zm2.73-14.47a5.39 5.39 0 0 0 0 10.77s1 .19 3.23-.84a13.21 13.21 0 0 0 5.46-4.47 14.2 14.2 0 0 0-5.46-4.68 6.56 6.56 0 0 0-3.23-.78zm-16.48-.05a5.38 5.38 0 0 1 0 10.76s-1 .2-3.23-.84A13.21 13.21 0 0 1 0 17.79a14.29 14.29 0 0 1 5.46-4.68 6.61 6.61 0 0 1 3.23-.77z\\" fill=\\"currentColor\\"></path></svg><svg id=\\"bloom-request-element--text\\" width=\\"109\\" height=\\"14\\"><path d=\\"M.744.974h2.063l1.67 6.185L6.133.974H8.21l-2.85 9.428H3.594L.744.974zm13.005 7.32l1.37.945c-.637.958-1.818 1.3-2.89 1.3-1.82 0-3.313-1.34-3.313-3.352 0-2.012 1.493-3.312 3.312-3.312 1.806 0 3.245 1.355 3.245 3.366 0 .164-.014.424-.028.589h-4.642c.095.739.896 1.067 1.56 1.067.517 0 1.073-.192 1.386-.602zM10.83 6.64h2.742c-.095-.78-.8-1.095-1.33-1.095s-1.25.288-1.412 1.095zm7.819 1.533v2.23h-1.887v-6.39h1.887v1.546c.326-1.19 1.14-1.683 1.792-1.683.448 0 .787.082 1.086.233l-.34 1.71c-.339-.164-.665-.191-.963-.191-1.086 0-1.575.862-1.575 2.545zm5.728-4.16v6.39h-1.873v-6.39h1.873zM22.26 1.644c0-.63.543-1.108 1.18-1.108.639 0 1.155.479 1.155 1.108 0 .63-.516 1.123-1.154 1.123-.638 0-1.181-.493-1.181-1.123zM30.31.536v1.82h-.693c-.651 0-.963.465-.963 1.218v.438h1.276v1.505h-1.276v4.885h-1.9V5.517h-1.196V4.012h1.195v-.438c0-1.957 1.045-3.038 2.864-3.038h.693zm6.787 3.476l-3.91 9.524h-1.995l1.52-3.79-2.443-5.734h2.009l1.398 3.626 1.412-3.626h2.009zm13.588 0l-2.226 6.39h-1.575l-1.249-4.064-1.194 4.064h-1.575l-2.294-6.39h2.01l1.126 3.804 1.113-3.804h1.615l1.113 3.804 1.127-3.804h2.01zm2.878 0v6.39H51.69v-6.39h1.873zm-2.118-2.368c0-.63.543-1.108 1.181-1.108s1.154.479 1.154 1.108c0 .63-.516 1.123-1.154 1.123-.638 0-1.18-.493-1.18-1.123zm6.326 2.368h1.33v1.505h-1.33v4.885h-1.873V5.517h-1.154V4.012h1.154v-2.45h1.873v2.45zm4.371 3.01v3.38h-1.887V.536h1.887v4.475c.258-.794 1.181-1.136 1.778-1.136 1.67 0 2.539 1.122 2.539 3.052v3.475h-1.887V6.995c0-.835-.597-1.273-1.167-1.273-.598 0-1.263.329-1.263 1.3zm16.032-3.42c0 .615-.312 1.395-1.276 1.765 1.235.314 1.765 1.382 1.765 2.148 0 1.56-1.127 2.887-2.987 2.887h-4.018V.974h3.747c1.683 0 2.769 1.013 2.769 2.627zm-4.52 1.094h1.56c.516 0 .87-.41.87-.972 0-.588-.3-.985-.883-.985h-1.547v1.957zm1.873 1.656h-1.873v2.285h1.914c.665 0 1.004-.602 1.004-1.163 0-.534-.34-1.122-1.045-1.122zM80.074.536h1.887v9.866h-1.887V.536zm6.53 8.115c.787 0 1.439-.575 1.439-1.464 0-.863-.652-1.451-1.44-1.451-.773 0-1.425.588-1.425 1.45 0 .89.652 1.465 1.426 1.465zm0 1.86c-1.792 0-3.285-1.313-3.285-3.324 0-2.012 1.493-3.312 3.285-3.312s3.298 1.3 3.298 3.312c0 2.011-1.506 3.325-3.298 3.325zm7.56-1.86c.788 0 1.44-.575 1.44-1.464 0-.863-.652-1.451-1.44-1.451-.773 0-1.425.588-1.425 1.45 0 .89.652 1.465 1.426 1.465zm0 1.86c-1.791 0-3.284-1.313-3.284-3.324 0-2.012 1.493-3.312 3.285-3.312s3.298 1.3 3.298 3.312c0 2.011-1.506 3.325-3.298 3.325zm11.661-4.789c-.597 0-1.086.37-1.086 1.3v3.38h-1.886V6.954c-.014-.807-.503-1.232-1.046-1.232-.57 0-1.1.329-1.1 1.3v3.38h-1.886v-6.39h1.887v.93c.298-.67.977-1.053 1.656-1.053 1.004 0 1.683.383 2.036 1.122.611-1 1.453-1.136 1.9-1.136 1.507 0 2.444.972 2.444 2.901v3.626h-1.873V6.995c0-.835-.489-1.273-1.046-1.273z\\" fill=\\"currentColor\\" fill-rulle=\\"evenodd\\"></path></svg></span></a>"`;

exports[`renderRequestButton renders a small button 1`] = `"<a id=\\"bloom-request-element-\\" href=\\"https://bloom.co/download?request=eyJ2ZXJzaW9uIjoxLCJ0b2tlbiI6InRva2VuIiwidXJsIjoiaHR0cHM6Ly9yZWNlaXZlLWtpdC5ibG9vbS5jby9hcGkvcmVjZWl2ZT9zaGFyZS1raXQtZnJvbT1idXR0b24iLCJwYXlsb2FkX3VybCI6Imh0dHBzOi8vcmVjZWl2ZS1raXQuYmxvb20uY28vYXBpL2dldC1wYXlsb2FkIn0=&amp;callback-url=https%3A%2F%2Fbloom.co%2Fcallback-url\\" target=\\"_blank\\" rel=\\"norefferer noopener\\"><style>#bloom-request-element- { background-color: #6262F6; color: #fff; border-radius: 0; text-decoration: none; display: inline-flex; align-items: center; justify-content: center; box-sizing: border-box; height: 34px; width: 34px; } #bloom-request-element--logo { width: 20px; }</style><svg id=\\"bloom-request-element--logo\\" viewBox=\\"0 0 33.85 35.57\\"><path d=\\"M22.44 8.69a5.39 5.39 0 0 1-10.77 0s-.19-1 .84-3.23A13.21 13.21 0 0 1 16.98 0a14.29 14.29 0 0 1 4.68 5.46 6.56 6.56 0 0 1 .78 3.23zm0 18.2a5.39 5.39 0 0 0-10.77 0s-.19 1 .84 3.23a13.21 13.21 0 0 0 4.47 5.46 14.29 14.29 0 0 0 4.68-5.46 6.56 6.56 0 0 0 .78-3.23zm2.73-14.47a5.39 5.39 0 0 0 0 10.77s1 .19 3.23-.84a13.21 13.21 0 0 0 5.46-4.47 14.2 14.2 0 0 0-5.46-4.68 6.56 6.56 0 0 0-3.23-.78zm-16.48-.05a5.38 5.38 0 0 1 0 10.76s-1 .2-3.23-.84A13.21 13.21 0 0 1 0 17.79a14.29 14.29 0 0 1 5.46-4.68 6.61 6.61 0 0 1 3.23-.77z\\" fill=\\"currentColor\\"></path></svg></a>"`;

exports[`renderRequestButton updates the button 1`] = `
Object {
  "payload_url": "https://receive-kit.bloom.co/api/get-payload",
  "token": "token",
  "url": "https://receive-kit.bloom.co/api/receive?share-kit-from=button",
  "version": 1,
}
`;

exports[`renderRequestButton updates the button 2`] = `"https://bloom.co/callback-url-2"`;
